// Jest Snapshot v1, https://goo.gl/fbAQLP

exports[`Lambda Function Deployments Top level cloudformation 1`] = `"2010-09-09"`;

exports[`Lambda Function Deployments apps packaged by rspack App1 Lambda Function 1`] = `
{
  "DependsOn": [
    "App1LogGroup",
  ],
  "Properties": {
    "Code": {
      "S3Bucket": {
        "Ref": "ServerlessDeploymentBucket",
      },
      "S3Key": StringContaining "App1.zip",
    },
    "FunctionName": "complete-example-dev-App1",
    "Handler": "app1.handler",
    "MemorySize": 1024,
    "Role": {
      "Fn::GetAtt": [
        "IamRoleLambdaExecution",
        "Arn",
      ],
    },
    "Runtime": "provided.al2023",
    "Timeout": 6,
  },
  "Type": "AWS::Lambda::Function",
}
`;

exports[`Lambda Function Deployments apps packaged by rspack App1 Lambda Function 2`] = `
{
  "Description": "Current Lambda function version",
  "Export": {
    "Name": "sls-complete-example-dev-App1LambdaFunctionQualifiedArn",
  },
  "Value": {
    "Ref": StringContaining "App1LambdaVersion",
  },
}
`;

exports[`Lambda Function Deployments apps packaged by rspack App1 Lambda Function 3`] = `
"import{createRequire as e}from"node:module";var r={};r.n=function(e){var n=e&&e.__esModule?function(){return e.default}:function(){return e};return r.d(n,{a:n}),n},r.d=function(e,n){for(var t in n)r.o(n,t)&&!r.o(e,t)&&Object.defineProperty(e,t,{enumerable:!0,get:n[t]})},r.o=function(e,r){return Object.prototype.hasOwnProperty.call(e,r)};var n={};r.d(n,{handler:()=>o});let t=e(import.meta.url)("isin-validator");var a=r.n(t);async function o(e){return{statusCode:200,body:JSON.stringify({message:a()(e)?"ISIN is invalid!":"ISIN is fine!",input:e})}}var i=n.handler;export{i as handler};
//# sourceMappingURL=app1.mjs.map"
`;

exports[`Lambda Function Deployments apps packaged by rspack app3 Lambda Function 1`] = `
{
  "DependsOn": [
    "App3LogGroup",
  ],
  "Properties": {
    "Code": {
      "S3Bucket": {
        "Ref": "ServerlessDeploymentBucket",
      },
      "S3Key": StringContaining "app3.zip",
    },
    "FunctionName": "complete-example-dev-app3",
    "Handler": "src/App3.handler",
    "MemorySize": 1024,
    "Role": {
      "Fn::GetAtt": [
        "IamRoleLambdaExecution",
        "Arn",
      ],
    },
    "Runtime": "nodejs20.x",
    "Timeout": 6,
  },
  "Type": "AWS::Lambda::Function",
}
`;

exports[`Lambda Function Deployments apps packaged by rspack app3 Lambda Function 2`] = `
{
  "Description": "Current Lambda function version",
  "Export": {
    "Name": "sls-complete-example-dev-App3LambdaFunctionQualifiedArn",
  },
  "Value": {
    "Ref": StringContaining "App3LambdaVersion",
  },
}
`;

exports[`Lambda Function Deployments apps packaged by rspack app3 Lambda Function 3`] = `
"import{fileURLToPath as e}from"node:url";import{dirname as r}from"node:path";import{createRequire as t}from"node:module";var a={};a.n=function(e){var r=e&&e.__esModule?function(){return e.default}:function(){return e};return a.d(r,{a:r}),r},a.d=function(e,r){for(var t in r)a.o(r,t)&&!a.o(e,t)&&Object.defineProperty(e,t,{enumerable:!0,get:r[t]})},a.o=function(e,r){return Object.prototype.hasOwnProperty.call(e,r)};var n={};a.d(n,{handler:()=>f});let o=t(import.meta.url)("isin-validator");var i=a.n(o);let l=t(import.meta.url)("node:fs"),u=t(import.meta.url)("node:path");var d=a.n(u);let m=t(import.meta.url)("sharp");var p=a.n(m),s=r(e(import.meta.url));async function f(e){let r=i()(e.isin),t=d().join(s,"../my-image.jpeg"),a=(0,l.readFileSync)(t),{info:n}=await p()(a).raw().toBuffer({resolveWithObject:!0});return{statusCode:r?200:400,body:JSON.stringify({handler:"App3",message:r?"ISIN is invalid!":"ISIN is fine!",input:e,info:n})}}var c=n.handler;export{c as handler};
//# sourceMappingURL=App3.mjs.map"
`;

exports[`Lambda Function Deployments apps packaged by rspack app4 Lambda Function 1`] = `
{
  "DependsOn": [
    "App4LogGroup",
  ],
  "Properties": {
    "Code": {
      "S3Bucket": {
        "Ref": "ServerlessDeploymentBucket",
      },
      "S3Key": StringContaining "app4.zip",
    },
    "FunctionName": "complete-example-dev-app4",
    "Handler": "src/app4.handler",
    "MemorySize": 1024,
    "Role": {
      "Fn::GetAtt": [
        "IamRoleLambdaExecution",
        "Arn",
      ],
    },
    "Runtime": "nodejs20.x",
    "Timeout": 6,
  },
  "Type": "AWS::Lambda::Function",
}
`;

exports[`Lambda Function Deployments apps packaged by rspack app4 Lambda Function 2`] = `
{
  "Description": "Current Lambda function version",
  "Export": {
    "Name": "sls-complete-example-dev-App4LambdaFunctionQualifiedArn",
  },
  "Value": {
    "Ref": StringContaining "App4LambdaVersion",
  },
}
`;

exports[`Lambda Function Deployments apps packaged by rspack app4 Lambda Function 3`] = `
"import{createRequire as e}from"node:module";var r={};r.n=function(e){var n=e&&e.__esModule?function(){return e.default}:function(){return e};return r.d(n,{a:n}),n},r.d=function(e,n){for(var t in n)r.o(n,t)&&!r.o(e,t)&&Object.defineProperty(e,t,{enumerable:!0,get:n[t]})},r.o=function(e,r){return Object.prototype.hasOwnProperty.call(e,r)};var n={};r.d(n,{handler:()=>o});let t=e(import.meta.url)("isin-validator");var a=r.n(t);async function o(e){return{statusCode:200,body:JSON.stringify({message:a()(e)?"ISIN is invalid!":"ISIN is fine!",input:e})}}var i=n.handler;export{i as handler};
//# sourceMappingURL=app4.mjs.map"
`;

exports[`Lambda Function Deployments apps packaged by rspack app5 Lambda Function 1`] = `
{
  "DependsOn": [
    "App5LogGroup",
  ],
  "Properties": {
    "Code": {
      "S3Bucket": {
        "Ref": "ServerlessDeploymentBucket",
      },
      "S3Key": StringContaining "app5.zip",
    },
    "FunctionName": "complete-example-dev-app5",
    "Handler": "src/deeply/nested/somewhat/app5.handler",
    "MemorySize": 1024,
    "Role": {
      "Fn::GetAtt": [
        "IamRoleLambdaExecution",
        "Arn",
      ],
    },
    "Runtime": "nodejs20.x",
    "Timeout": 6,
  },
  "Type": "AWS::Lambda::Function",
}
`;

exports[`Lambda Function Deployments apps packaged by rspack app5 Lambda Function 2`] = `
{
  "Description": "Current Lambda function version",
  "Export": {
    "Name": "sls-complete-example-dev-App5LambdaFunctionQualifiedArn",
  },
  "Value": {
    "Ref": StringContaining "App5LambdaVersion",
  },
}
`;

exports[`Lambda Function Deployments apps packaged by rspack app5 Lambda Function 3`] = `
"import{createRequire as e}from"node:module";var r={};r.n=function(e){var n=e&&e.__esModule?function(){return e.default}:function(){return e};return r.d(n,{a:n}),n},r.d=function(e,n){for(var t in n)r.o(n,t)&&!r.o(e,t)&&Object.defineProperty(e,t,{enumerable:!0,get:n[t]})},r.o=function(e,r){return Object.prototype.hasOwnProperty.call(e,r)};var n={};r.d(n,{handler:()=>o});let t=e(import.meta.url)("isin-validator");var a=r.n(t);async function o(e){return{statusCode:200,body:JSON.stringify({message:a()(e)?"ISIN is invalid!":"ISIN is fine!",input:e})}}var i=n.handler;export{i as handler};
//# sourceMappingURL=app5.mjs.map"
`;
